def OAI.SymmetricPolar.HasSymplecticEmbedding : {n : Nat} →
  Set (OAI.SymmetricPolar.Phase n) → Set (OAI.SymmetricPolar.Phase n) → Prop :=
fun {n} U V =>
  Exists fun e =>
    And (ContDiffOn Real (↑Top.top) e U)
      (And (Topology.IsEmbedding fun z => e ↑z)
        (And (Set.MapsTo e U V)
          (∀ (z : OAI.SymmetricPolar.Phase n),
            Membership.mem U z →
              ∀ (v w : OAI.SymmetricPolar.Phase n),
                Eq (OAI.SymmetricPolar.omega0 ((fderiv Real e z) v) ((fderiv Real e z) w))
                  (OAI.SymmetricPolar.omega0 v w))))
def OAI.SymmetricPolar.HasSymplecticEmbedding : {n : ℕ} →
  Set (OAI.SymmetricPolar.Phase n) → Set (OAI.SymmetricPolar.Phase n) → Prop :=
fun {n} U V =>
  ∃ e,
    ContDiffOn ℝ (↑⊤) e U ∧
      (Topology.IsEmbedding fun z => e ↑z) ∧
        Set.MapsTo e U V ∧
          ∀ z ∈ U,
            ∀ (v w : OAI.SymmetricPolar.Phase n),
              OAI.SymmetricPolar.omega0 ((fderiv ℝ e z) v) ((fderiv ℝ e z) w) = OAI.SymmetricPolar.omega0 v w
def OAI.SymmetricPolar.gromovWidth : {n : ℕ} → Set (OAI.SymmetricPolar.Phase n) → ENNReal :=
fun {n} U =>
  sSup
    (ENNReal.ofReal '' {c | 0 < c ∧ OAI.SymmetricPolar.HasSymplecticEmbedding (OAI.SymmetricPolar.capacityBall n c) U})
def OAI.SymmetricPolar.capacityBall : (n : ℕ) → ℝ → Set (OAI.SymmetricPolar.Phase n) :=
fun n c => {z | Real.pi * (‖z.1‖ ^ 2 + ‖z.2‖ ^ 2) < c}
def OAI.SymmetricPolar.omega0 : {n : ℕ} → OAI.SymmetricPolar.Phase n → OAI.SymmetricPolar.Phase n → ℝ :=
fun {n} v w => inner ℝ v.1 w.2 - inner ℝ w.1 v.2
def OAI.SymmetricPolar.polar : {n : ℕ} → Set (OAI.SymmetricPolar.Position n) → Set (OAI.SymmetricPolar.Position n) :=
fun {n} K => {p | ∀ q ∈ K, inner ℝ q p ≤ 1}
def OAI.SymmetricPolar.polarProduct : {n : ℕ} →
  Set (OAI.SymmetricPolar.Position n) → Set (OAI.SymmetricPolar.Phase n) :=
fun {n} K => interior K ×ˢ interior (OAI.SymmetricPolar.polar K)
def OAI.SymmetricPolar.IsSymmetricConvexBody : {n : ℕ} → Set (OAI.SymmetricPolar.Position n) → Prop :=
fun {n} K => IsCompact K ∧ Convex ℝ K ∧ (interior K).Nonempty ∧ ∀ (x : OAI.SymmetricPolar.Position n), x ∈ K ↔ -x ∈ K
@[reducible] def OAI.SymmetricPolar.Phase : ℕ → Type :=
fun n => OAI.SymmetricPolar.Position n × OAI.SymmetricPolar.Position n
@[reducible] def OAI.SymmetricPolar.Position : ℕ → Type :=
fun n => EuclideanSpace ℝ (Fin n)
@OAI.SymmetricPolar.symmetric_polar_main : ∀ {n : ℕ},
  2 ≤ n →
    ∀ (K : Set (OAI.SymmetricPolar.Position n)),
      OAI.SymmetricPolar.IsSymmetricConvexBody K →
        OAI.SymmetricPolar.gromovWidth (OAI.SymmetricPolar.polarProduct K) = 4 ∧
          ∀ (c : ℝ),
            0 < c →
              c < 4 →
                OAI.SymmetricPolar.HasSymplecticEmbedding (OAI.SymmetricPolar.capacityBall n c)
                  (OAI.SymmetricPolar.polarProduct K)
