Building ComparatorChallenges.MahlerConjecture
⚠ [8924/8924] Built ComparatorChallenges.MahlerConjecture (31s)
warning: ComparatorChallenges/MahlerConjecture.lean:15:8: declaration uses `sorry`
Build completed successfully (8924 jobs).
Exporting #[Quot, Quot.mk, Quot.lift, Quot.ind, OAI.SymmetricMahler.symmetric_mahler, propext, Quot.sound, Classical.choice, Nat.add, Nat.sub, Nat.mul, Nat.pow, Nat.gcd, Nat.div, Nat.mod, Nat.beq, Nat.ble, Nat.land, Nat.lor, Nat.xor, Nat.shiftLeft, Nat.shiftRight, String.ofList, Char.ofNat, List, eagerReduce, Nat, String, String.mk, Char, optParam, autoParam, semiOutParam, outParam] from ComparatorChallenges.MahlerConjecture
Building OAI.Analysis.Mahler.MainTheorem
✔ [3688/3797] Built OAI.Analysis.Mahler.LogUniform (8.4s)
✔ [3693/3800] Built OAI.Analysis.Mahler.CompactFluxDifferentiation (8.3s)
✔ [3694/3803] Built OAI.Analysis.Mahler.CoordinateBall (8.7s)
✔ [3695/3803] Built OAI.Analysis.Mahler.RegularLevelCharts (8.6s)
✔ [3696/3807] Built OAI.Analysis.Mahler.DCForms (9.5s)
✔ [3697/3807] Built OAI.Analysis.Mahler.HorizontalForms (10s)
✔ [3698/3807] Built OAI.Analysis.Mahler.HolomorphicRegularity (11s)
✔ [3699/3807] Built OAI.Analysis.Mahler.Hessian (13s)
✔ [3700/3807] Built OAI.Analysis.Mahler.RegularSublevel (7.4s)
✔ [3701/3807] Built OAI.Analysis.Mahler.LogJet (9.3s)
✔ [3702/3807] Built OAI.Analysis.Mahler.CoordinateAnnulus (9.1s)
✔ [3703/3810] Built OAI.Analysis.Mahler.PullbackRegularity (8.4s)
✔ [3704/3810] Built OAI.Analysis.Mahler.WedgeAlgebra (8.6s)
✔ [3705/3817] Built OAI.Analysis.Mahler.RescalingEstimates (7.6s)
✔ [3706/3817] Built OAI.Analysis.Mahler.LogScalarJet (10s)
✔ [3707/3817] Built OAI.Analysis.Mahler.RegularBoundaryAtlas (5.6s)
✔ [3708/3817] Built OAI.Analysis.Mahler.Positivity (9.5s)
✔ [3709/3817] Built OAI.Analysis.Mahler.ShellRegularity (6.2s)
✔ [3710/3818] Built OAI.Analysis.Mahler.ConformalSeries (7.4s)
✔ [3711/3818] Built OAI.Analysis.Mahler.WedgeCalculus (7.8s)
✔ [3712/3818] Built OAI.Analysis.Mahler.CovectorVolume (7.8s)
✔ [3713/3818] Built OAI.Analysis.Mahler.RescaledHolomorphic (8.7s)
✔ [3714/3818] Built OAI.Analysis.Mahler.RegularPartition (6.5s)
✔ [3715/3818] Built OAI.Analysis.Mahler.NormSquareJet (11s)
✔ [3716/3818] Built OAI.Analysis.Mahler.FormStokes (6.0s)
✔ [3717/3818] Built OAI.Analysis.Mahler.FiniteStrips (3.7s)
✔ [3718/3818] Built OAI.Analysis.Mahler.MatrixHessian (7.5s)
✔ [3719/3818] Built OAI.Analysis.Mahler.CoordinateSphere (5.3s)
✔ [3720/3818] Built OAI.Analysis.Mahler.AngularGeometry (6.1s)
✔ [3721/3818] Built OAI.Analysis.Mahler.ExteriorPower (6.3s)
✔ [3722/3818] Built OAI.Analysis.Mahler.WedgeDecomposition (6.4s)
✔ [3723/3818] Built OAI.Analysis.Mahler.UniformJet (6.1s)
✔ [3724/3818] Built OAI.Analysis.Mahler.ChartStokes (7.1s)
✔ [3725/3818] Built OAI.Analysis.Mahler.MassTarget (7.2s)
✔ [3726/3818] Built OAI.Analysis.Mahler.PuncturedBallStokes (5.0s)
✔ [3727/3818] Built OAI.Analysis.Mahler.HomogeneousFlux (8.4s)
✔ [3728/3818] Built OAI.Analysis.Mahler.CoordinateEuclidean (6.7s)
✔ [3729/3818] Built OAI.Analysis.Mahler.LogNormSquare (10s)
✔ [3730/3818] Built OAI.Analysis.Mahler.ConformalInjectivity (5.9s)
✔ [3731/3818] Built OAI.Analysis.Mahler.AngularIntegrals (7.7s)
✔ [3732/3824] Built OAI.Analysis.Mahler.OrientedChartIntegral (5.6s)
✔ [3733/3824] Built OAI.Analysis.Mahler.WedgeAssociativity (7.4s)
✔ [3734/3824] Built OAI.Analysis.Mahler.FormLocalization (7.2s)
✔ [3736/3824] Built OAI.Analysis.Mahler.RescaledMassMap (6.4s)
✔ [3737/3824] Built OAI.Analysis.Mahler.ComplexCoordinates (8.1s)
✔ [3738/3824] Built OAI.Analysis.Mahler.HemisphereChart (9.6s)
✔ [3739/3824] Built OAI.Analysis.Mahler.OpenHessian (10s)
✔ [3740/3827] Built OAI.Analysis.Mahler.ExteriorFlux (11s)
✔ [3741/3830] Built OAI.Analysis.Mahler.HolomorphicLogC2 (8.6s)
✔ [3742/3830] Built OAI.Analysis.Mahler.AngularEndpoint (9.6s)
✔ [3743/3830] Built OAI.Analysis.Mahler.WedgeOne (9.0s)
✔ [3744/3830] Built OAI.Analysis.Mahler.WedgeEven (9.9s)
✔ [3745/3832] Built OAI.Analysis.Mahler.PlanarEstimates (7.2s)
✔ [3748/3835] Built OAI.Analysis.Mahler.HalfspaceStokes (8.2s)
✔ [3749/3835] Built OAI.Analysis.Mahler.SphereTransport (7.1s)
✔ [3750/3835] Built OAI.Analysis.Mahler.SourceRescaling (8.9s)
✔ [3752/3840] Built OAI.Analysis.Mahler.HemisphereJacobian (8.0s)
✔ [3753/3840] Built OAI.Analysis.Mahler.AngularStrip (7.0s)
✔ [3755/3840] Built OAI.Analysis.Mahler.SourceHomogeneous (10s)
✔ [3756/3842] Built OAI.Analysis.Mahler.DilationTransport (11s)
✔ [3759/3842] Built OAI.Analysis.Mahler.ExteriorHessian (11s)
✔ [3760/3845] Built OAI.Analysis.Mahler.InteriorStokes (12s)
✔ [3761/3845] Built OAI.Analysis.Mahler.TailIntegral (13s)
✔ [3762/3845] Built OAI.Analysis.Mahler.ExteriorCoefficient (13s)
✔ [3763/3845] Built OAI.Analysis.Mahler.SourceLogC2 (10s)
✔ [3764/3845] Built OAI.Analysis.Mahler.HemisphereMeasure (10s)
✔ [3765/3845] Built OAI.Analysis.Mahler.ConformalInverse (10s)
✔ [3766/3861] Built OAI.Analysis.Mahler.HomogeneousDeformation (15s)
✔ [3767/3861] Built OAI.Analysis.Mahler.RegularStokesAssembly (9.1s)
✔ [3768/3869] Built OAI.Analysis.Mahler.SineBound (9.3s)
✔ [3771/3870] Built OAI.Analysis.Mahler.ChartExtension (9.6s)
✔ [3772/3870] Built OAI.Analysis.Mahler.BoundaryJet (16s)
✔ [3773/3872] Built OAI.Analysis.Mahler.ErrorBound (10s)
✔ [3774/3878] Built OAI.Analysis.Mahler.VerticalRadius (8.0s)
✔ [3775/3878] Built OAI.Analysis.Mahler.HemisphereArea (14s)
✔ [3776/3878] Built OAI.Analysis.Mahler.ExteriorAlternatization (8.8s)
✔ [3777/3882] Built OAI.Analysis.Mahler.SphereForms (9.5s)
✔ [3778/3882] Built OAI.Analysis.Mahler.RegularChartStokes (9.2s)
✔ [3779/3882] Built OAI.Analysis.Mahler.UniformError (9.2s)
✔ [3780/3885] Built OAI.Analysis.Mahler.BasisContinuousWedge (18s)
✔ [3781/3885] Built OAI.Analysis.Mahler.DCRegularity (9.7s)
✔ [3782/3885] Built OAI.Analysis.Mahler.ConformalRadialRegularity (10s)
✔ [3783/3889] Built OAI.Analysis.Mahler.SphereNormalization (9.2s)
✔ [3784/3889] Built OAI.Analysis.Mahler.RawExteriorPower (9.2s)
✔ [3785/3889] Built OAI.Analysis.Mahler.NormSquareForm (8.7s)
✔ [3786/3889] Built OAI.Analysis.Mahler.HemisphereFlux (10s)
✔ [3787/3889] Built OAI.Analysis.Mahler.ContinuousWedge (19s)
✔ [3788/3889] Built OAI.Analysis.Mahler.PunctureCutoff (12s)
✔ [3789/3889] Built OAI.Analysis.Mahler.SourceCoordinateMeasure (5.4s)
✔ [3790/3889] Built OAI.Analysis.Mahler.InverseRadialRegularity (6.5s)
✔ [3791/3889] Built OAI.Analysis.Mahler.RadialBridge (7.1s)
✔ [3792/3889] Built OAI.Analysis.Mahler.LevelFace (7.4s)
✔ [3793/3889] Built OAI.Analysis.Mahler.RawAlternatingCalculus (7.5s)
✔ [3794/3889] Built OAI.Analysis.Mahler.ContinuousWedgeDerivative (13s)
✔ [3795/3889] Built OAI.Analysis.Mahler.ExteriorCoordinates (13s)
✔ [3796/3889] Built OAI.Analysis.Mahler.LevelForms (9.6s)
✔ [3797/3889] Built OAI.Analysis.Mahler.NormExteriorPower (9.2s)
✔ [3798/3892] Built OAI.Analysis.Mahler.SphereRadius (10s)
✔ [3799/3892] Built OAI.Analysis.Mahler.PuncturedSublevelStokes (10s)
✔ [3800/3892] Built OAI.Analysis.Mahler.PrimitiveBound (9.6s)
✔ [3801/3892] Built OAI.Analysis.Mahler.ClosedBoundaryStokes (11s)
✔ [3802/3893] Built OAI.Analysis.Mahler.VerticalSpeed (7.3s)
✔ [3803/3899] Built OAI.Analysis.Mahler.RawClosedProduct (9.5s)
✔ [3804/3899] Built OAI.Analysis.Mahler.ExteriorDirectional (7.9s)
✔ [3805/3899] Built OAI.Analysis.Mahler.ReferenceSphere (7.9s)
✔ [3806/3903] Built OAI.Analysis.Mahler.SphereCoordinateIntegral (7.8s)
✔ [3807/3903] Built OAI.Analysis.Mahler.OrientedSphereDensity (8.9s)
✔ [3808/3913] Built OAI.Analysis.Mahler.SphereFlux (9.7s)
✔ [3809/3913] Built OAI.Analysis.Mahler.ImplicitAngle (6.7s)
✔ [3810/3913] Built OAI.Analysis.Mahler.MatrixExteriorPower (9.6s)
✔ [3812/3914] Built OAI.Analysis.Mahler.MassLimit (6.6s)
✔ [3813/3914] Built OAI.Analysis.Mahler.RawClosedPower (7.5s)
✔ [3815/3918] Built OAI.Analysis.Mahler.CompactIntegral (6.7s)
✔ [3816/3919] Built OAI.Analysis.Mahler.FluxVariation (10s)
✔ [3817/3919] Built OAI.Analysis.Mahler.AngularFibers (7.1s)
✔ [3818/3919] Built OAI.Analysis.Mahler.SphereAreaTransport (7.9s)
✔ [3819/3919] Built OAI.Analysis.Mahler.SphereFluxIntegral (8.5s)
✔ [3820/3919] Built OAI.Analysis.Mahler.SphereFluxLimit (11s)
✔ [3821/3919] Built OAI.Analysis.Mahler.Jacobian (6.7s)
✔ [3822/3919] Built OAI.Analysis.Mahler.RawCoefficientDerivative (9.8s)
✔ [3823/3919] Built OAI.Analysis.Mahler.OpenExteriorNormalization (10s)
✔ [3824/3919] Built OAI.Analysis.Mahler.ComplexVolume (6.4s)
✔ [3825/3926] Built OAI.Analysis.Mahler.FiberPrimitive (7.2s)
✔ [3826/3926] Built OAI.Analysis.Mahler.FiberHeight (6.9s)
✔ [3828/3932] Built OAI.Analysis.Mahler.WedgeUnit (7.2s)
✔ [3829/3932] Built OAI.Analysis.Mahler.SphereFluxDifferentiation (7.3s)
✔ [3830/3932] Built OAI.Analysis.Mahler.SphereVolumeOrientation (8.1s)
✔ [3831/3932] Built OAI.Analysis.Mahler.RawAlternationDerivative (7.9s)
✔ [3832/3932] Built OAI.Analysis.Mahler.UnitaryReference (8.5s)
✔ [3833/3932] Built OAI.Analysis.Mahler.LogDilation (8.6s)
✔ [3834/3932] Built OAI.Analysis.Mahler.RadialPrimitiveDeriv (6.0s)
✔ [3835/3932] Built OAI.Analysis.Mahler.FiberEndpoint (10s)
✔ [3836/3932] Built OAI.Analysis.Mahler.PlanarErrorRate (10s)
✔ [3837/3932] Built OAI.Analysis.Mahler.SourceLevelFlux (12s)
✔ [3838/3932] Built OAI.Analysis.Mahler.WedgeTwoDifferentialAlgebra (10s)
✔ [3839/3932] Built OAI.Analysis.Mahler.RawReindexedDerivative (10s)
✔ [3840/3932] Built OAI.Analysis.Mahler.ReferencePole (10s)
✔ [3841/3932] Built OAI.Analysis.Mahler.ExactFormCoordinates (15s)
✔ [3842/3932] Built OAI.Analysis.Mahler.FiberPreimageEndpoint (11s)
✔ [3843/3932] Built OAI.Analysis.Mahler.ActualVerticalPrimitive (12s)
✔ [3844/3932] Built OAI.Analysis.Mahler.SourceSphereLimit (13s)
✔ [3845/3932] Built OAI.Analysis.Mahler.SphereOrientation (14s)
✔ [3846/3932] Built OAI.Analysis.Mahler.GlobalVerticalGeometry (12s)
✔ [3847/3932] Built OAI.Analysis.Mahler.ReferencePoleFrame (10s)
✔ [3848/3932] Built OAI.Analysis.Mahler.SourceFluxRegularity (16s)
✔ [3849/3932] Built OAI.Analysis.Mahler.PlanarDensity (12s)
✔ [3850/3932] Built OAI.Analysis.Mahler.GlobalFiberParametrization (7.3s)
✔ [3851/3932] Built OAI.Analysis.Mahler.ExteriorLeibnizTwo (19s)
✔ [3852/3932] Built OAI.Analysis.Mahler.ExactSphereFluxBridge (14s)
✔ [3853/3932] Built OAI.Analysis.Mahler.RealLogBridge (22s)
✔ [3854/3932] Built OAI.Analysis.Mahler.PlanarIntegralRegularity (16s)
✔ [3855/3932] Built OAI.Analysis.Mahler.ReferenceSphereIntegral (19s)
✔ [3856/3932] Built OAI.Analysis.Mahler.SourceCoordinateForms (21s)
✔ [3857/3932] Built OAI.Analysis.Mahler.PlanarSymmetry (18s)
✔ [3858/3932] Built OAI.Analysis.Mahler.PrimitiveEquality (19s)
✔ [3859/3932] Built OAI.Analysis.Mahler.PlanarRegularity (5.6s)
✔ [3860/3932] Built OAI.Analysis.Mahler.SphereDensityRestriction (5.8s)
✔ [3861/3932] Built OAI.Analysis.Mahler.ExactSphereStokes (21s)
✔ [3862/3932] Built OAI.Analysis.Mahler.GlobalPlanarBound (4.7s)
✔ [3863/3932] Built OAI.Analysis.Mahler.SourceStokes (7.0s)
✔ [3864/3932] Built OAI.Analysis.Mahler.HomogeneousSphereIntegral (6.2s)
✔ [3865/3932] Built OAI.Analysis.Mahler.GlobalPlanarMonotonicity (4.4s)
✔ [3866/3932] Built OAI.Analysis.Mahler.SourceExteriorDerivative (33s)
✔ [3867/3932] Built OAI.Analysis.Mahler.SourceBoundaryIntegral (6.2s)
✔ [3868/3932] Built OAI.Analysis.Mahler.HomogeneousDensityVariation (5.7s)
✔ [3869/3932] Built OAI.Analysis.Mahler.ActualFiniteStrips (4.6s)
✔ [3870/3932] Built OAI.Analysis.Mahler.SourceRawJets (9.9s)
✔ [3871/3932] Built OAI.Analysis.Mahler.HomogeneousVariationCoefficient (11s)
✔ [3872/3932] Built OAI.Analysis.Mahler.StripRankGeometry (10s)
✔ [3873/3932] Built OAI.Analysis.Mahler.StripDifferential (10s)
✔ [3874/3932] Built OAI.Analysis.Mahler.HomogeneousCircleIntegral (11s)
✔ [3875/3932] Built OAI.Analysis.Mahler.HomogeneousSmoothForms (12s)
✔ [3876/3932] Built OAI.Analysis.Mahler.HomogeneousFluxDifferentiation (16s)
✔ [3877/3932] Built OAI.Analysis.Mahler.StripCompactSublevels (9.7s)
✔ [3878/3932] Built OAI.Analysis.Mahler.ConvexApproximation (14s)
✔ [3879/3932] Built OAI.Analysis.Mahler.StripJacobian (9.8s)
✔ [3880/3932] Built OAI.Analysis.Mahler.PrimitiveRegularity (9.7s)
✔ [3881/3932] Built OAI.Analysis.Mahler.ClosedWedgePowers (10s)
✔ [3882/3932] Built OAI.Analysis.Mahler.PairTransgression (24s)
✔ [3883/3932] Built OAI.Analysis.Mahler.SourceRawCoefficient (12s)
✔ [3884/3932] Built OAI.Analysis.Mahler.StripSublevelTopology (7.7s)
✔ [3885/3932] Built OAI.Analysis.Mahler.StripVolume (7.7s)
✔ [3886/3932] Built OAI.Analysis.Mahler.HomogeneousFluxFTC (12s)
✔ [3887/3932] Built OAI.Analysis.Mahler.ConvexGeometry (8.1s)
✔ [3888/3932] Built OAI.Analysis.Mahler.HomogeneousPrimitiveRegularity (9.9s)
✔ [3889/3932] Built OAI.Analysis.Mahler.StripGeometry (7.5s)
✔ [3890/3932] Built OAI.Analysis.Mahler.PairExteriorBridge (12s)
✔ [3891/3932] Built OAI.Analysis.Mahler.FiniteStripReduction (7.4s)
✔ [3892/3932] Built OAI.Analysis.Mahler.SourceRawOrientation (12s)
✔ [3893/3932] Built OAI.Analysis.Mahler.ConvexTransfer (7.6s)
✔ [3894/3932] Built OAI.Analysis.Mahler.ConvexPolarBody (7.6s)
✔ [3895/3932] Built OAI.Analysis.Mahler.ComplexStripMap (8.4s)
✔ [3896/3932] Built OAI.Analysis.Mahler.SourcePrimitiveStokes (9.0s)
✔ [3897/3932] Built OAI.Analysis.Mahler.StripRegularValues (6.4s)
✔ [3898/3932] Built OAI.Analysis.Mahler.ConvexCompletion (8.3s)
✔ [3899/3932] Built OAI.Analysis.Mahler.SourceTopCoordinates (8.5s)
✔ [3900/3932] Built OAI.Analysis.Mahler.SpecialLeadingTerm (7.0s)
✔ [3901/3932] Built OAI.Analysis.Mahler.PowerTransgression (9.1s)
✔ [3902/3932] Built OAI.Analysis.Mahler.SourceFullExterior (10s)
✔ [3903/3932] Built OAI.Analysis.Mahler.StripMassExhaustion (5.0s)
✔ [3904/3932] Built OAI.Analysis.Mahler.SpecialMassHypotheses (7.3s)
✔ [3905/3932] Built OAI.Analysis.Mahler.SourceCanonicalMeasure (7.4s)
✔ [3906/3932] Built OAI.Analysis.Mahler.SourceFluxCoordinates (8.2s)
✔ [3907/3932] Built OAI.Analysis.Mahler.HomogeneousTransgression (9.3s)
✔ [3908/3932] Built OAI.Analysis.Mahler.StripLevelGeometry (7.3s)
✔ [3909/3932] Built OAI.Analysis.Mahler.SpecialJacobian (4.6s)
✔ [3910/3932] Built OAI.Analysis.Mahler.SourceRealExterior (10s)
✔ [3911/3932] Built OAI.Analysis.Mahler.EuclideanSpecialMap (5.5s)
✔ [3912/3932] Built OAI.Analysis.Mahler.ConvexSequence (12s)
✔ [3913/3932] Built OAI.Analysis.Mahler.StripRegularLevels (3.5s)
✔ [3914/3932] Built OAI.Analysis.Mahler.SpecialMassBridge (5.0s)
✔ [3915/3932] Built OAI.Analysis.Mahler.ConvexMain (5.0s)
✔ [3916/3932] Built OAI.Analysis.Mahler.SourceCoordinateExterior (6.1s)
✔ [3917/3932] Built OAI.Analysis.Mahler.SmallSphereLimits (4.9s)
✔ [3918/3932] Built OAI.Analysis.Mahler.EuclideanRegularLevels (5.3s)
✔ [3919/3932] Built OAI.Analysis.Mahler.EuclideanMassDensity (4.8s)
✔ [3920/3932] Built OAI.Analysis.Mahler.ConvexENNRealTransfer (4.5s)
✔ [3921/3932] Built OAI.Analysis.Mahler.SourceRegularFlux (5.4s)
✔ [3922/3932] Built OAI.Analysis.Mahler.SphereDensityBridge (5.8s)
✔ [3923/3932] Built OAI.Analysis.Mahler.ConvexMassReduction (4.0s)
✔ [3924/3932] Built OAI.Analysis.Mahler.SourceRegularLimit (4.8s)
✔ [3925/3932] Built OAI.Analysis.Mahler.HomogeneousTransgressionFTC (5.2s)
✔ [3926/3932] Built OAI.Analysis.Mahler.RegularMassReduction (4.4s)
✔ [3927/3932] Built OAI.Analysis.Mahler.SourceRadiusFlux (6.2s)
✔ [3928/3932] Built OAI.Analysis.Mahler.SourceRegularMass (4.4s)
✔ [3929/3932] Built OAI.Analysis.Mahler.HomogeneousEndpoint (4.3s)
✔ [3930/3932] Built OAI.Analysis.Mahler.SpecialSourceMass (4.1s)
✔ [3931/3932] Built OAI.Analysis.Mahler.HomogeneousMassAssembly (4.2s)
✔ [3932/3932] Built OAI.Analysis.Mahler.MainTheorem (4.1s)
Build completed successfully (3932 jobs).
Exporting #[Quot, Quot.mk, Quot.lift, Quot.ind, OAI.SymmetricMahler.symmetric_mahler, propext, Quot.sound, Classical.choice, Nat.add, Nat.sub, Nat.mul, Nat.pow, Nat.gcd, Nat.div, Nat.mod, Nat.beq, Nat.ble, Nat.land, Nat.lor, Nat.xor, Nat.shiftLeft, Nat.shiftRight, String.ofList, Char.ofNat, List, eagerReduce, Nat, String, String.mk, Char, optParam, autoParam, semiOutParam, outParam] from OAI.Analysis.Mahler.MainTheorem
Running Lean default kernel on solution.
Lean default kernel accepts the solution
Your solution is okay!
