warning: belyi: repository '/home/mathaudit/audit/math/lean/.lake/packages/belyi' has local changes
warning: formal-schemes: repository '/home/mathaudit/audit/math/lean/.lake/packages/formal-schemes' has local changes
warning: elliptic-curves: repository '/home/mathaudit/audit/math/lean/.lake/packages/elliptic-curves' has local changes
warning: tempered-fundamental-groups: repository '/home/mathaudit/audit/math/lean/.lake/packages/tempered-fundamental-groups' has local changes
warning: oka: repository '/home/mathaudit/audit/math/lean/.lake/packages/oka' has local changes
warning: orbicurve-cores: repository '/home/mathaudit/audit/math/lean/.lake/packages/orbicurve-cores' has local changes
warning: pi1: repository '/home/mathaudit/audit/math/lean/.lake/packages/pi1' has local changes
warning: heights: repository '/home/mathaudit/audit/math/lean/.lake/packages/heights' has local changes
warning: genl: repository '/home/mathaudit/audit/math/lean/.lake/packages/genl' has local changes
warning: tate-curves-theta: repository '/home/mathaudit/audit/math/lean/.lake/packages/tate-curves-theta' has local changes
warning: iut: repository '/home/mathaudit/audit/math/lean/.lake/packages/iut' has local changes
warning: belyi: repository '/home/mathaudit/audit/math/lean/.lake/packages/belyi' has local changes
warning: formal-schemes: repository '/home/mathaudit/audit/math/lean/.lake/packages/formal-schemes' has local changes
warning: elliptic-curves: repository '/home/mathaudit/audit/math/lean/.lake/packages/elliptic-curves' has local changes
warning: tempered-fundamental-groups: repository '/home/mathaudit/audit/math/lean/.lake/packages/tempered-fundamental-groups' has local changes
warning: oka: repository '/home/mathaudit/audit/math/lean/.lake/packages/oka' has local changes
warning: orbicurve-cores: repository '/home/mathaudit/audit/math/lean/.lake/packages/orbicurve-cores' has local changes
warning: pi1: repository '/home/mathaudit/audit/math/lean/.lake/packages/pi1' has local changes
warning: heights: repository '/home/mathaudit/audit/math/lean/.lake/packages/heights' has local changes
warning: genl: repository '/home/mathaudit/audit/math/lean/.lake/packages/genl' has local changes
warning: tate-curves-theta: repository '/home/mathaudit/audit/math/lean/.lake/packages/tate-curves-theta' has local changes
warning: iut: repository '/home/mathaudit/audit/math/lean/.lake/packages/iut' has local changes
warning: belyi: repository '/home/mathaudit/audit/math/lean/.lake/packages/belyi' has local changes
warning: formal-schemes: repository '/home/mathaudit/audit/math/lean/.lake/packages/formal-schemes' has local changes
warning: elliptic-curves: repository '/home/mathaudit/audit/math/lean/.lake/packages/elliptic-curves' has local changes
warning: tempered-fundamental-groups: repository '/home/mathaudit/audit/math/lean/.lake/packages/tempered-fundamental-groups' has local changes
warning: oka: repository '/home/mathaudit/audit/math/lean/.lake/packages/oka' has local changes
warning: orbicurve-cores: repository '/home/mathaudit/audit/math/lean/.lake/packages/orbicurve-cores' has local changes
warning: pi1: repository '/home/mathaudit/audit/math/lean/.lake/packages/pi1' has local changes
warning: heights: repository '/home/mathaudit/audit/math/lean/.lake/packages/heights' has local changes
warning: genl: repository '/home/mathaudit/audit/math/lean/.lake/packages/genl' has local changes
warning: tate-curves-theta: repository '/home/mathaudit/audit/math/lean/.lake/packages/tate-curves-theta' has local changes
warning: iut: repository '/home/mathaudit/audit/math/lean/.lake/packages/iut' has local changes
